// Jest Snapshot v1, https://goo.gl/fbAQLP

exports[`deve renderizar o input text com label 1`] = `
ShallowWrapper {
  "length": 1,
  Symbol(enzyme.__root__): [Circular],
  Symbol(enzyme.__unrendered__): <Text
    id="Nome"
    placeholder="Placeholder"
    text="Título"
    width="100%"
  />,
  Symbol(enzyme.__renderer__): Object {
    "batchedUpdates": [Function],
    "getNode": [Function],
    "render": [Function],
    "simulateEvent": [Function],
    "unmount": [Function],
  },
  Symbol(enzyme.__node__): Object {
    "instance": null,
    "key": undefined,
    "nodeType": "host",
    "props": Object {
      "children": <input
        className="n-entry-text"
        id="Nome"
        placeholder="Placeholder"
        text="Título"
      />,
      "className": "n-entry-root",
      "style": Object {
        "boxSizing": "border-box",
        "width": "100%",
      },
    },
    "ref": null,
    "rendered": Object {
      "instance": null,
      "key": undefined,
      "nodeType": "host",
      "props": Object {
        "className": "n-entry-text",
        "id": "Nome",
        "placeholder": "Placeholder",
        "text": "Título",
      },
      "ref": null,
      "rendered": null,
      "type": "input",
    },
    "type": "div",
  },
  Symbol(enzyme.__nodes__): Array [
    Object {
      "instance": null,
      "key": undefined,
      "nodeType": "host",
      "props": Object {
        "children": <input
          className="n-entry-text"
          id="Nome"
          placeholder="Placeholder"
          text="Título"
        />,
        "className": "n-entry-root",
        "style": Object {
          "boxSizing": "border-box",
          "width": "100%",
        },
      },
      "ref": null,
      "rendered": Object {
        "instance": null,
        "key": undefined,
        "nodeType": "host",
        "props": Object {
          "className": "n-entry-text",
          "id": "Nome",
          "placeholder": "Placeholder",
          "text": "Título",
        },
        "ref": null,
        "rendered": null,
        "type": "input",
      },
      "type": "div",
    },
  ],
  Symbol(enzyme.__options__): Object {
    "adapter": ReactSixteenAdapter {
      "options": Object {
        "enableComponentDidUpdateOnSetState": true,
      },
    },
  },
}
`;
